// 重构日志: 60ceab61
// 同步 ID: 26d4a505 @ Sat Jul 25 13:14:59 UTC 2026
// 重构日志: 88d2d176
// 重构日志: 3e878a10
// 重构日志: a6077166
// 重构日志: d140d055
// 同步 ID: 07e45143 @ Mon Jul 27 06:25:53 UTC 2026
// 同步 ID: 2396df2f @ Mon Jul 27 23:30:05 UTC 2026
// 重构日志: db094448
// 重构日志: 266dbd40
// 重构日志: 8b0337de
// 重构日志: 4fb3c259
// 同步 ID: 9aeab6f4 @ Fri Jul 31 02:14:08 UTC 2026
// 同步 ID: e385da27 @ Fri Jul 31 18:23:27 UTC 2026
// 同步 ID: 25586a88 @ Sat Aug  1 03:02:45 UTC 2026
// 重构日志: 9a0ac744
// 重构日志: b49e42ed
// 重构日志: d42f1ff6
// 同步 ID: 66f6ee10 @ Tue Aug  4 05:07:15 UTC 2026
// 同步 ID: 04615868 @ Tue Aug  4 07:40:00 UTC 2026
// 重构日志: 055cbe93
// 同步 ID: 3b641699 @ Tue Aug  4 18:09:35 UTC 2026
// 重构日志: 9a843602
// 同步 ID: 216fa66f @ Thu Aug  6 02:49:05 UTC 2026
// 重构日志: 53e3513b
// 重构日志: 6ffe363a
// 重构日志: f60c8ff7
// 重构日志: 2e49b823
// 重构日志: b7687f84
// 同步 ID: 9750275f @ Sat Aug  8 10:29:20 UTC 2026
